Yes
49241492 366479508 358110726 158833366 37000622 173734778 176368765 304439673 464622341 199774569 0 265385073 56041771 317874212 218048432 329209714 54439946 417548255 224845299
233015508 154149487 496616338 449198134 88116576 53668836 313942505 496332825 299836719 147702991 304715482 394225119 451671323 127464089 17759405 58700704 16783284 22515000 48446464
